Plugins: Using default repo...

> Configure project :
Java dependencies: Using Maven Central...
Java dependencies: Using Maven Central...
Java dependencies: Using Maven Central...
Java dependencies: Using Maven Central...
Java dependencies: Using Maven Central...
Java dependencies: Using Maven Central...
Java dependencies: Using Maven Central...
Java dependencies: Using Maven Central...
Java dependencies: Using Maven Central...
Java dependencies: Using Maven Central...
Java dependencies: Using Maven Central...
Java dependencies: Using Maven Central...
Java dependencies: Using Maven Central...
Java dependencies: Using Maven Central...
Java dependencies: Using Maven Central...
Java dependencies: Using Maven Central...
Java dependencies: Using Maven Central...
Java dependencies: Using Maven Central...

> Task :core:jaxbToJava UP-TO-DATE
> Task :core:soyToJava UP-TO-DATE
> Task :util:processResources UP-TO-DATE
> Task :processor:compileJava UP-TO-DATE
> Task :common:compileJava UP-TO-DATE
> Task :processor:processResources UP-TO-DATE
> Task :common:processResources UP-TO-DATE
> Task :common:classes UP-TO-DATE
> Task :processor:classes UP-TO-DATE
> Task :db:compileJava UP-TO-DATE
> Task :common:jar UP-TO-DATE
> Task :processor:jar UP-TO-DATE
> Task :db:processResources UP-TO-DATE
> Task :db:classes UP-TO-DATE
> Task :db:implementationApiJar UP-TO-DATE
> Task :common:compileTestingJava UP-TO-DATE
> Task :common:processTestingResources NO-SOURCE
> Task :common:testingClasses UP-TO-DATE
> Task :common:testingJar UP-TO-DATE
> Task :util:compileJava UP-TO-DATE
> Task :util:classes UP-TO-DATE
> Task :util:jar UP-TO-DATE
> Task :core:processResources UP-TO-DATE
> Task :core:compileJava UP-TO-DATE
> Task :core:classes UP-TO-DATE
> Task :core:compileNonprodJava UP-TO-DATE
> Task :core:processNonprodResources UP-TO-DATE
> Task :core:nonprodClasses UP-TO-DATE

> Task :core:compileTestJava
Note: Some input files use or override a deprecated API.
Note: Recompile with -Xlint:deprecation for details.
Note: Some input files use unchecked or unsafe operations.
Note: Recompile with -Xlint:unchecked for details.

[Incubating] Problems report is available at: file:///usr/local/google/home/mcilwain/Code/nomulus/build/reports/problems/problems-report.html

BUILD SUCCESSFUL in 30s
21 actionable tasks: 1 executed, 20 up-to-date
Consider enabling configuration cache to speed up this build: https://docs.gradle.org/9.4.1/userguide/configuration_cache_enabling.html
